/Users/justin/work/projects/octopus
/Users/justin/work/projects/refs/alfa
/Users/justin/work/projects/refs/alpes
/Users/justin/work/projects/refs/dolphin
/Users/justin/work/projects/refs/kirin
/Users/justin/work/projects/refs/mephisto
/Users/justin/work/projects/refs/mephisto-set
/Users/justin/work/projects/refs/tianmu
/Users/justin/work/projects/virtualenv/backends/ac
/Users/justin/work/projects/virtualenv/backends/buffalo
/Users/justin/work/projects/virtualenv/backends/camel
/Users/justin/work/projects/virtualenv/backends/chihuahua
/Users/justin/work/projects/virtualenv/backends/diablo-btb
/Users/justin/work/projects/virtualenv/backends/dingo
/Users/justin/work/projects/virtualenv/backends/ecenter
/Users/justin/work/projects/virtualenv/backends/fitness
/Users/justin/work/projects/virtualenv/backends/fundcomm
/Users/justin/work/projects/virtualenv/backends/hippo
/Users/justin/work/projects/virtualenv/backends/hodor
/Users/justin/work/projects/virtualenv/backends/lyskamm
/Users/justin/work/projects/virtualenv/backends/macan
/Users/justin/work/projects/virtualenv/backends/panther
/Users/justin/work/projects/virtualenv/backends/polo
/Users/justin/work/projects/virtualenv/backends/rhino
/Users/justin/work/projects/virtualenv/backends/tclm
/Users/justin/work/projects/virtualenv/backends/workflow
